// Jest Snapshot v1, https://goo.gl/fbAQLP

exports[`training form renders renders Training page unchanged 1`] = `
<div>
  <div
    class="container mt-3"
  >
    <h4
      class="text-secondary text-center fw-semibold mb-3"
    >
      Update Existing Training
    </h4>
    <form
      class="trainingForm"
    >
      <div
        class="formSection"
      >
        <div
          class="mx-3"
        >
          <p
            class="text-secondary fw-bold"
          >
            1.Training Information
          </p>
          <div
            class="mb-3 mt-3"
          >
            <label
              for="trainingCode"
            >
              Training Code
               
              <span
                class="required"
              >
                *
              </span>
            </label>
            <input
              aria-label="trainingCode"
              class="form-control"
              id="trainingCode"
              maxlength="10"
              name="trainingCode"
              readonly=""
              required=""
              type="text"
              value=""
            />
          </div>
          <div
            class="mb-3"
          >
            <label
              for="trainingName"
            >
              Training Name
               
              <span
                class="required"
              >
                *
              </span>
            </label>
            <input
              aria-label="trainingName"
              class="form-control"
              id="trainingName"
              maxlength="30"
              name="trainingName"
              required=""
              type="text"
              value=""
            />
          </div>
          <div
            class="mb-3"
          >
            <label
              for="startDate"
            >
              Start Date
               
              <span
                class="required"
              >
                *
              </span>
            </label>
            <input
              aria-label="startDate"
              class="form-control"
              id="startDate"
              name="startDate"
              required=""
              type="date"
              value=""
            />
          </div>
          <div
            class="mb-3"
          >
            <label
              for="endDate"
            >
              End Date
               
              <span
                class="required"
              >
                *
              </span>
            </label>
            <input
              aria-label="endDate"
              class="form-control"
              id="endDate"
              name="endDate"
              required=""
              type="date"
              value=""
            />
          </div>
          <div
            class="mb-3 mt-3 "
          >
            <label
              for="phase"
            >
              Phase
               
              <span
                class="required"
              >
                *
              </span>
            </label>
            <select
              aria-label="phase"
              class="form-control"
              data-testid="select"
              id="phase"
              name="phase"
              required=""
            >
              <option
                data-testid="select-option"
                value="Upcoming"
              >
                Upcoming
              </option>
              <option
                data-testid="select-option"
                value="Sessions in progress"
              >
                Sessions in progress
              </option>
              <option
                data-testid="select-option"
                value="Capstone phase"
              >
                Capstone phase
              </option>
              <option
                data-testid="select-option"
                value="Assessment phase"
              >
                Assessment phase
              </option>
              <option
                data-testid="select-option"
                value="Finished"
              >
                Finished
              </option>
            </select>
          </div>
          <div
            class="mb-3 mt-3 "
          >
            <label
              for="status"
            >
              Status
               
              <span
                class="required"
              >
                *
              </span>
            </label>
            <select
              aria-label="status"
              class="form-control"
              id="status"
              name="status"
              required=""
            >
              <option
                disabled=""
                hidden=""
                value=""
              >
                status
              </option>
              <option
                value="Yet to start"
              >
                Yet to start
              </option>
              <option
                value="In progress"
              >
                In progress
              </option>
              <option
                value="Finished"
              >
                Finished
              </option>
            </select>
          </div>
        </div>
        <div
          class="mx-3"
        >
          <p
            class="text-secondary fw-bold"
          >
            2.POC Information (Primary)
          </p>
          <div
            class="mb-3 mt-3"
          >
            <label
              for="POCPrimaryOracleID"
            >
              Oracle ID
               
              <span
                class="required"
              >
                *
              </span>
            </label>
            <div
              class=" css-b62m3t-container"
              id="POCPrimaryOracleID"
            >
              <span
                class="css-1f43avz-a11yText-A11yText"
                id="react-select-17-live-region"
              />
              <span
                aria-atomic="false"
                aria-live="polite"
                aria-relevant="additions text"
                class="css-1f43avz-a11yText-A11yText"
              />
              <div
                class=" css-1ko62if-control"
              >
                <div
                  class=" css-319lph-ValueContainer"
                >
                  <div
                    class=" css-14el2xx-placeholder"
                    id="react-select-17-placeholder"
                  />
                  <div
                    class=" css-6j8wv5-Input"
                    data-value=""
                  >
                    <input
                      aria-autocomplete="list"
                      aria-describedby="react-select-17-placeholder"
                      aria-expanded="false"
                      aria-haspopup="true"
                      aria-label="POCPrimaryOracleID"
                      autocapitalize="none"
                      autocomplete="off"
                      autocorrect="off"
                      class=""
                      id="react-select-17-input"
                      role="combobox"
                      spellcheck="false"
                      style="opacity: 1; width: 100%; grid-area: 1 / 2; min-width: 2px; border: 0px; margin: 0px; outline: 0; padding: 0px;"
                      tabindex="0"
                      type="text"
                      value=""
                    />
                  </div>
                </div>
                <div
                  class=" css-1hb7zxy-IndicatorsContainer"
                >
                  <span
                    class=" css-1okebmr-indicatorSeparator"
                  />
                  <div
                    aria-hidden="true"
                    class=" css-tlfecz-indicatorContainer"
                  >
                    <svg
                      aria-hidden="true"
                      class="css-tj5bde-Svg"
                      focusable="false"
                      height="20"
                      viewBox="0 0 20 20"
                      width="20"
                    >
                      <path
                        d="M4.516 7.548c0.436-0.446 1.043-0.481 1.576 0l3.908 3.747 3.908-3.747c0.533-0.481 1.141-0.446 1.574 0 0.436 0.445 0.408 1.197 0 1.615-0.406 0.418-4.695 4.502-4.695 4.502-0.217 0.223-0.502 0.335-0.787 0.335s-0.57-0.112-0.789-0.335c0 0-4.287-4.084-4.695-4.502s-0.436-1.17 0-1.615z"
                      />
                    </svg>
                  </div>
                </div>
              </div>
              <input
                name="POCPrimaryOracleID"
                type="hidden"
                value=""
              />
            </div>
          </div>
          <div
            class="mb-3"
          >
            <label
              for="POCPrimaryFirstName"
            >
              First Name
               
              <span
                class="required"
              >
                *
              </span>
            </label>
            <input
              aria-label="POCPrimaryFirstName"
              class="form-control"
              id="POCPrimaryFirstName"
              name="POCPrimaryFirstName"
              readonly=""
              required=""
              type="text"
              value=""
            />
          </div>
          <div
            class="mb-3"
          >
            <label
              for="POCPrimaryLastName"
            >
              Last Name
               
              <span
                class="required"
              >
                *
              </span>
            </label>
            <input
              aria-label="POCPrimaryLastName"
              class="form-control"
              id="POCPrimaryLastName"
              name="POCPrimaryLastName"
              readonly=""
              required=""
              type="text"
              value=""
            />
          </div>
          <div
            class="mb-3"
          >
            <label
              for="POCPrimaryEmail"
            >
              Email
               
              <span
                class="required"
              >
                *
              </span>
            </label>
            <input
              aria-label="POCPrimaryEmail"
              class="form-control"
              id="POCPrimaryEmail"
              name="POCPrimaryEmail"
              readonly=""
              required=""
              type="email"
              value=""
            />
          </div>
        </div>
        <div>
          <div>
            <p
              class="text-secondary fw-bold"
            >
              3.POC Information (Secondary)
            </p>
            <div
              class="mb-3 mt-3"
            >
              <label
                for="POCSecondaryOracleID"
              >
                Oracle ID
                 
                <span
                  class="required"
                >
                  *
                </span>
              </label>
              <div
                class=" css-b62m3t-container"
                id="POCSecondaryOracleID"
              >
                <span
                  class="css-1f43avz-a11yText-A11yText"
                  id="react-select-18-live-region"
                />
                <span
                  aria-atomic="false"
                  aria-live="polite"
                  aria-relevant="additions text"
                  class="css-1f43avz-a11yText-A11yText"
                />
                <div
                  class=" css-1ko62if-control"
                >
                  <div
                    class=" css-319lph-ValueContainer"
                  >
                    <div
                      class=" css-14el2xx-placeholder"
                      id="react-select-18-placeholder"
                    />
                    <div
                      class=" css-6j8wv5-Input"
                      data-value=""
                    >
                      <input
                        aria-autocomplete="list"
                        aria-describedby="react-select-18-placeholder"
                        aria-expanded="false"
                        aria-haspopup="true"
                        aria-label="POCSecondaryOracleID"
                        autocapitalize="none"
                        autocomplete="off"
                        autocorrect="off"
                        class=""
                        id="react-select-18-input"
                        role="combobox"
                        spellcheck="false"
                        style="opacity: 1; width: 100%; grid-area: 1 / 2; min-width: 2px; border: 0px; margin: 0px; outline: 0; padding: 0px;"
                        tabindex="0"
                        type="text"
                        value=""
                      />
                    </div>
                  </div>
                  <div
                    class=" css-1hb7zxy-IndicatorsContainer"
                  >
                    <span
                      class=" css-1okebmr-indicatorSeparator"
                    />
                    <div
                      aria-hidden="true"
                      class=" css-tlfecz-indicatorContainer"
                    >
                      <svg
                        aria-hidden="true"
                        class="css-tj5bde-Svg"
                        focusable="false"
                        height="20"
                        viewBox="0 0 20 20"
                        width="20"
                      >
                        <path
                          d="M4.516 7.548c0.436-0.446 1.043-0.481 1.576 0l3.908 3.747 3.908-3.747c0.533-0.481 1.141-0.446 1.574 0 0.436 0.445 0.408 1.197 0 1.615-0.406 0.418-4.695 4.502-4.695 4.502-0.217 0.223-0.502 0.335-0.787 0.335s-0.57-0.112-0.789-0.335c0 0-4.287-4.084-4.695-4.502s-0.436-1.17 0-1.615z"
                        />
                      </svg>
                    </div>
                  </div>
                </div>
                <input
                  name="POCSecondaryOracleID"
                  type="hidden"
                  value=""
                />
              </div>
            </div>
            <div
              class="mb-3"
            >
              <label
                for="POCSecondaryFirstName"
              >
                First Name
                 
                <span
                  class="required"
                >
                  *
                </span>
              </label>
              <input
                aria-label="POCSecondaryFirstName"
                class="form-control"
                id="POCSecondaryFirstName"
                name="POCSecondaryFirstName"
                readonly=""
                required=""
                type="text"
                value=""
              />
            </div>
            <div
              class="mb-3"
            >
              <label
                for="POCSecondaryLastName"
              >
                Last Name
                 
                <span
                  class="required"
                >
                  *
                </span>
              </label>
              <input
                aria-label="POCSecondaryLastName"
                class="form-control"
                id="POCSecondaryLastName"
                name="POCSecondaryLastName"
                readonly=""
                required=""
                type="text"
                value=""
              />
            </div>
            <div
              class="mb-3"
            >
              <label
                for="POCSecondaryEmail"
              >
                Email
                 
                <span
                  class="required"
                >
                  *
                </span>
              </label>
              <input
                aria-label="POCSecondaryEmail"
                class="form-control"
                id="POCSecondaryEmail"
                name="POCSecondaryEmail"
                readonly=""
                required=""
                type="email"
                value=""
              />
            </div>
          </div>
          <div>
            <p
              class="text-secondary fw-bold"
            >
              4.Mentors
            </p>
            <div
              class="mb-3"
            >
              <label
                for="mentorsOracleID"
              >
                Oracle ID
                 
                <span
                  class="required"
                >
                  *
                </span>
              </label>
              <div
                class=" css-b62m3t-container"
                id="mentorsOracleID"
              >
                <span
                  class="css-1f43avz-a11yText-A11yText"
                  id="react-select-19-live-region"
                />
                <span
                  aria-atomic="false"
                  aria-live="polite"
                  aria-relevant="additions text"
                  class="css-1f43avz-a11yText-A11yText"
                />
                <div
                  class=" css-1ko62if-control"
                >
                  <div
                    class=" css-319lph-ValueContainer"
                  >
                    <div
                      class=" css-14el2xx-placeholder"
                      id="react-select-19-placeholder"
                    />
                    <div
                      class=" css-6j8wv5-Input"
                      data-value=""
                    >
                      <input
                        aria-autocomplete="list"
                        aria-describedby="react-select-19-placeholder"
                        aria-expanded="false"
                        aria-haspopup="true"
                        aria-label="mentorsOracleID"
                        autocapitalize="none"
                        autocomplete="off"
                        autocorrect="off"
                        class=""
                        id="react-select-19-input"
                        role="combobox"
                        spellcheck="false"
                        style="opacity: 1; width: 100%; grid-area: 1 / 2; min-width: 2px; border: 0px; margin: 0px; outline: 0; padding: 0px;"
                        tabindex="0"
                        type="text"
                        value=""
                      />
                    </div>
                  </div>
                  <div
                    class=" css-1hb7zxy-IndicatorsContainer"
                  >
                    <span
                      class=" css-1okebmr-indicatorSeparator"
                    />
                    <div
                      aria-hidden="true"
                      class=" css-tlfecz-indicatorContainer"
                    >
                      <svg
                        aria-hidden="true"
                        class="css-tj5bde-Svg"
                        focusable="false"
                        height="20"
                        viewBox="0 0 20 20"
                        width="20"
                      >
                        <path
                          d="M4.516 7.548c0.436-0.446 1.043-0.481 1.576 0l3.908 3.747 3.908-3.747c0.533-0.481 1.141-0.446 1.574 0 0.436 0.445 0.408 1.197 0 1.615-0.406 0.418-4.695 4.502-4.695 4.502-0.217 0.223-0.502 0.335-0.787 0.335s-0.57-0.112-0.789-0.335c0 0-4.287-4.084-4.695-4.502s-0.436-1.17 0-1.615z"
                        />
                      </svg>
                    </div>
                  </div>
                </div>
                <div>
                  <input
                    name="mentorsOracleID"
                    type="hidden"
                  />
                </div>
              </div>
            </div>
            <p
              class="text-secondary fw-bold"
            >
              Additional Documents
            </p>
            <div
              class="mb-3 mt-3"
            >
              <label
                for="attachments"
              >
                Documents
              </label>
              <input
                accept=".jpg, .jpeg, .pdf"
                aria-label="attachments"
                class="form-control"
                data-testid="fileInput"
                id="attachments"
                multiple=""
                name="attachments"
                type="file"
              />
            </div>
            <div
              class="mb-5"
            >
              <button
                class="primaryButton"
                data-testid="primary"
                type="submit"
              >
                Update Training
              </button>
            </div>
          </div>
        </div>
      </div>
    </form>
  </div>
</div>
`;
